2026-09-17 10:23:24 | Hourly update Machine Slot Yield Alarm thành công | 20260818-20260917
2026-09-17 10:23:24 | INFO | Bắt đầu Mail Send Job | Unified Alarm | Các ngày Alarm: 17/09/2026, 16/09/2026, 15/09/2026, 14/09/2026
2026-09-17 10:23:24 | INFO | Receiver | Bùi Văn Luân(260300079), Hà Quang Đức(210400002), Kiều Quốc Công(220400163), Lê Đình Đại(210100034), Lê Đức Ba(220600240), Nguyễn Chí Phương(190900191), Đào Đức Linh(190500095)
2026-09-17 10:23:24 | INFO | CC | Dương Tuấn Phong(211000004), Hoàng Tiến Thành(230500002), KIM YOUNGSU(myskim), Kwon Sang Woo(kwonsw), LEE JAEHYUN(2111001), Lê Minh Phúc(260400113), NguyenThiNgocAnh(ngocanh), Nguyễn Trung Hiếu(260700066), Nguyễn Việt Quân(230600065), 김동언(gytjr605), 최혁렬(gju04319)
2026-09-17 10:23:24 | INFO | Kiểm tra Unified Alarm | Tổng: 0 | SLOT_FAIL: 0 | MACHINE_SLOT_YIELD: 0
2026-09-17 10:23:24 | SKIP | Không có Slot Fail Alarm hoặc Machine Slot Yield Alarm | Các ngày: 17/09/2026, 16/09/2026, 15/09/2026, 14/09/2026
2026-09-17 10:23:24 | SKIP | Không có Slot Fail Alarm hoặc Machine Slot Yield Alarm trong các ngày 17/09/2026, 16/09/2026, 15/09/2026, 14/09/2026.
2026-09-17 10:43:02 | Hourly update Machine Slot Yield Alarm thành công | 20260818-20260917
2026-09-17 10:43:02 | INFO | Bắt đầu Mail Send Job | Unified Alarm | Các ngày Alarm: 17/09/2026, 16/09/2026, 15/09/2026, 14/09/2026
2026-09-17 10:43:02 | INFO | Receiver | Bùi Văn Luân(260300079), Hà Quang Đức(210400002), Kiều Quốc Công(220400163), Lê Đình Đại(210100034), Lê Đức Ba(220600240), Nguyễn Chí Phương(190900191), Đào Đức Linh(190500095)
2026-09-17 10:43:02 | INFO | CC | Dương Tuấn Phong(211000004), Hoàng Tiến Thành(230500002), KIM YOUNGSU(myskim), Kwon Sang Woo(kwonsw), LEE JAEHYUN(2111001), Lê Minh Phúc(260400113), NguyenThiNgocAnh(ngocanh), Nguyễn Trung Hiếu(260700066), Nguyễn Việt Quân(230600065), 김동언(gytjr605), 최혁렬(gju04319)
2026-09-17 10:43:02 | INFO | Kiểm tra Unified Alarm | Tổng: 0 | SLOT_FAIL: 0 | MACHINE_SLOT_YIELD: 0
2026-09-17 10:43:02 | SKIP | Không có Slot Fail Alarm hoặc Machine Slot Yield Alarm | Các ngày: 17/09/2026, 16/09/2026, 15/09/2026, 14/09/2026
2026-09-17 10:43:02 | SKIP | Không có Slot Fail Alarm hoặc Machine Slot Yield Alarm trong các ngày 17/09/2026, 16/09/2026, 15/09/2026, 14/09/2026.
2026-09-17 10:44:29 | Hourly update Machine Slot Yield Alarm thành công | 20260818-20260917
2026-09-17 10:44:29 | INFO | Bắt đầu Mail Send Job | Unified Alarm | Các ngày Alarm: 17/09/2026, 16/09/2026, 15/09/2026, 14/09/2026
2026-09-17 10:44:29 | INFO | Receiver | Bùi Văn Luân(260300079), Hà Quang Đức(210400002), Kiều Quốc Công(220400163), Lê Đình Đại(210100034), Lê Đức Ba(220600240), Nguyễn Chí Phương(190900191), Đào Đức Linh(190500095)
2026-09-17 10:44:29 | INFO | CC | Dương Tuấn Phong(211000004), Hoàng Tiến Thành(230500002), KIM YOUNGSU(myskim), Kwon Sang Woo(kwonsw), LEE JAEHYUN(2111001), Lê Minh Phúc(260400113), NguyenThiNgocAnh(ngocanh), Nguyễn Trung Hiếu(260700066), Nguyễn Việt Quân(230600065), 김동언(gytjr605), 최혁렬(gju04319)
2026-09-17 10:44:29 | INFO | Kiểm tra Unified Alarm | Tổng: 0 | SLOT_FAIL: 0 | MACHINE_SLOT_YIELD: 0
2026-09-17 10:44:29 | SKIP | Không có Slot Fail Alarm hoặc Machine Slot Yield Alarm | Các ngày: 17/09/2026, 16/09/2026, 15/09/2026, 14/09/2026
2026-09-17 10:44:29 | SKIP | Không có Slot Fail Alarm hoặc Machine Slot Yield Alarm trong các ngày 17/09/2026, 16/09/2026, 15/09/2026, 14/09/2026.
2026-09-17 10:45:18 | Hourly update Machine Slot Yield Alarm thành công | 20260818-20260917
2026-09-17 10:45:18 | INFO | Bắt đầu Mail Send Job | Unified Alarm | Các ngày Alarm: 17/09/2026, 16/09/2026, 15/09/2026, 14/09/2026
2026-09-17 10:45:18 | INFO | Receiver | Bùi Văn Luân(260300079), Hà Quang Đức(210400002), Kiều Quốc Công(220400163), Lê Đình Đại(210100034), Lê Đức Ba(220600240), Nguyễn Chí Phương(190900191), Đào Đức Linh(190500095)
2026-09-17 10:45:18 | INFO | CC | Dương Tuấn Phong(211000004), Hoàng Tiến Thành(230500002), KIM YOUNGSU(myskim), Kwon Sang Woo(kwonsw), LEE JAEHYUN(2111001), Lê Minh Phúc(260400113), NguyenThiNgocAnh(ngocanh), Nguyễn Trung Hiếu(260700066), Nguyễn Việt Quân(230600065), 김동언(gytjr605), 최혁렬(gju04319)
2026-09-17 10:45:18 | INFO | Kiểm tra Unified Alarm | Tổng: 0 | SLOT_FAIL: 0 | MACHINE_SLOT_YIELD: 0
2026-09-17 10:45:18 | SKIP | Không có Slot Fail Alarm hoặc Machine Slot Yield Alarm | Các ngày: 17/09/2026, 16/09/2026, 15/09/2026, 14/09/2026
2026-09-17 10:45:18 | SKIP | Không có Slot Fail Alarm hoặc Machine Slot Yield Alarm trong các ngày 17/09/2026, 16/09/2026, 15/09/2026, 14/09/2026.
2026-09-17 10:47:22 | Hourly update Machine Slot Yield Alarm thành công | 20260818-20260917
2026-09-17 10:47:22 | INFO | Bắt đầu Mail Send Job | Unified Alarm | Các ngày Alarm: 17/09/2026, 16/09/2026, 15/09/2026, 14/09/2026
2026-09-17 10:47:22 | INFO | Receiver | Bùi Văn Luân(260300079), Hà Quang Đức(210400002), Kiều Quốc Công(220400163), Lê Đình Đại(210100034), Lê Đức Ba(220600240), Nguyễn Chí Phương(190900191), Đào Đức Linh(190500095)
2026-09-17 10:47:22 | INFO | CC | Dương Tuấn Phong(211000004), Hoàng Tiến Thành(230500002), KIM YOUNGSU(myskim), Kwon Sang Woo(kwonsw), LEE JAEHYUN(2111001), Lê Minh Phúc(260400113), NguyenThiNgocAnh(ngocanh), Nguyễn Trung Hiếu(260700066), Nguyễn Việt Quân(230600065), 김동언(gytjr605), 최혁렬(gju04319)
2026-09-17 10:47:22 | INFO | Kiểm tra Unified Alarm | Tổng: 0 | SLOT_FAIL: 0 | MACHINE_SLOT_YIELD: 0
2026-09-17 10:47:22 | SKIP | Không có Slot Fail Alarm hoặc Machine Slot Yield Alarm | Các ngày: 17/09/2026, 16/09/2026, 15/09/2026, 14/09/2026
2026-09-17 10:47:22 | SKIP | Không có Slot Fail Alarm hoặc Machine Slot Yield Alarm trong các ngày 17/09/2026, 16/09/2026, 15/09/2026, 14/09/2026.
2026-09-17 10:48:11 | Hourly update Machine Slot Yield Alarm thành công | 20260818-20260917
2026-09-17 10:48:11 | INFO | Bắt đầu Mail Send Job | Unified Alarm | Các ngày Alarm: 17/09/2026, 16/09/2026, 15/09/2026, 14/09/2026
2026-09-17 10:48:11 | INFO | Receiver | Bùi Văn Luân(260300079), Hà Quang Đức(210400002), Kiều Quốc Công(220400163), Lê Đình Đại(210100034), Lê Đức Ba(220600240), Nguyễn Chí Phương(190900191), Đào Đức Linh(190500095)
2026-09-17 10:48:11 | INFO | CC | Dương Tuấn Phong(211000004), Hoàng Tiến Thành(230500002), KIM YOUNGSU(myskim), Kwon Sang Woo(kwonsw), LEE JAEHYUN(2111001), Lê Minh Phúc(260400113), NguyenThiNgocAnh(ngocanh), Nguyễn Trung Hiếu(260700066), Nguyễn Việt Quân(230600065), 김동언(gytjr605), 최혁렬(gju04319)
2026-09-17 10:48:11 | INFO | Kiểm tra Unified Alarm | Tổng: 0 | SLOT_FAIL: 0 | MACHINE_SLOT_YIELD: 0
2026-09-17 10:48:11 | SKIP | Không có Slot Fail Alarm hoặc Machine Slot Yield Alarm | Các ngày: 17/09/2026, 16/09/2026, 15/09/2026, 14/09/2026
2026-09-17 10:48:11 | SKIP | Không có Slot Fail Alarm hoặc Machine Slot Yield Alarm trong các ngày 17/09/2026, 16/09/2026, 15/09/2026, 14/09/2026.
2026-09-17 10:53:12 | Hourly update Machine Slot Yield Alarm thành công | 20260818-20260917
2026-09-17 10:53:12 | INFO | Bắt đầu Mail Send Job | Unified Alarm | Các ngày Alarm: 17/09/2026, 16/09/2026, 15/09/2026, 14/09/2026
2026-09-17 10:53:12 | INFO | Receiver | Bùi Văn Luân(260300079), Hà Quang Đức(210400002), Kiều Quốc Công(220400163), Lê Đình Đại(210100034), Lê Đức Ba(220600240), Nguyễn Chí Phương(190900191), Đào Đức Linh(190500095)
2026-09-17 10:53:12 | INFO | CC | Dương Tuấn Phong(211000004), Hoàng Tiến Thành(230500002), KIM YOUNGSU(myskim), Kwon Sang Woo(kwonsw), LEE JAEHYUN(2111001), Lê Minh Phúc(260400113), NguyenThiNgocAnh(ngocanh), Nguyễn Trung Hiếu(260700066), Nguyễn Việt Quân(230600065), 김동언(gytjr605), 최혁렬(gju04319)
2026-09-17 10:53:12 | INFO | Kiểm tra Unified Alarm | Tổng: 0 | SLOT_FAIL: 0 | MACHINE_SLOT_YIELD: 0
2026-09-17 10:53:12 | SKIP | Không có Slot Fail Alarm hoặc Machine Slot Yield Alarm | Các ngày: 17/09/2026, 16/09/2026, 15/09/2026, 14/09/2026
2026-09-17 10:53:12 | SKIP | Không có Slot Fail Alarm hoặc Machine Slot Yield Alarm trong các ngày 17/09/2026, 16/09/2026, 15/09/2026, 14/09/2026.
2026-09-17 10:53:46 | Hourly update Machine Slot Yield Alarm thành công | 20260818-20260917
2026-09-17 10:53:46 | INFO | Bắt đầu Mail Send Job | Unified Alarm | Các ngày Alarm: 17/09/2026, 16/09/2026, 15/09/2026, 14/09/2026
2026-09-17 10:53:46 | INFO | Receiver | Bùi Văn Luân(260300079), Hà Quang Đức(210400002), Kiều Quốc Công(220400163), Lê Đình Đại(210100034), Lê Đức Ba(220600240), Nguyễn Chí Phương(190900191), Đào Đức Linh(190500095)
2026-09-17 10:53:46 | INFO | CC | Dương Tuấn Phong(211000004), Hoàng Tiến Thành(230500002), KIM YOUNGSU(myskim), Kwon Sang Woo(kwonsw), LEE JAEHYUN(2111001), Lê Minh Phúc(260400113), NguyenThiNgocAnh(ngocanh), Nguyễn Trung Hiếu(260700066), Nguyễn Việt Quân(230600065), 김동언(gytjr605), 최혁렬(gju04319)
2026-09-17 10:53:46 | INFO | Kiểm tra Unified Alarm | Tổng: 0 | SLOT_FAIL: 0 | MACHINE_SLOT_YIELD: 0
2026-09-17 10:53:46 | SKIP | Không có Slot Fail Alarm hoặc Machine Slot Yield Alarm | Các ngày: 17/09/2026, 16/09/2026, 15/09/2026, 14/09/2026
2026-09-17 10:53:46 | SKIP | Không có Slot Fail Alarm hoặc Machine Slot Yield Alarm trong các ngày 17/09/2026, 16/09/2026, 15/09/2026, 14/09/2026.
2026-09-17 10:58:56 | Hourly update Machine Slot Yield Alarm thành công | 20260818-20260917
2026-09-17 10:58:56 | INFO | Bắt đầu Mail Send Job | Unified Alarm | Các ngày Alarm: 17/09/2026, 16/09/2026, 15/09/2026, 14/09/2026
2026-09-17 10:58:56 | INFO | Receiver | Bùi Văn Luân(260300079), Hà Quang Đức(210400002), Kiều Quốc Công(220400163), Lê Đình Đại(210100034), Lê Đức Ba(220600240), Nguyễn Chí Phương(190900191), Đào Đức Linh(190500095)
2026-09-17 10:58:56 | INFO | CC | Dương Tuấn Phong(211000004), Hoàng Tiến Thành(230500002), KIM YOUNGSU(myskim), Kwon Sang Woo(kwonsw), LEE JAEHYUN(2111001), Lê Minh Phúc(260400113), NguyenThiNgocAnh(ngocanh), Nguyễn Trung Hiếu(260700066), Nguyễn Việt Quân(230600065), 김동언(gytjr605), 최혁렬(gju04319)
2026-09-17 10:58:56 | INFO | Kiểm tra Unified Alarm | Tổng: 0 | SLOT_FAIL: 0 | MACHINE_SLOT_YIELD: 0
2026-09-17 10:58:56 | SKIP | Không có Slot Fail Alarm hoặc Machine Slot Yield Alarm | Các ngày: 17/09/2026, 16/09/2026, 15/09/2026, 14/09/2026
2026-09-17 10:58:56 | SKIP | Không có Slot Fail Alarm hoặc Machine Slot Yield Alarm trong các ngày 17/09/2026, 16/09/2026, 15/09/2026, 14/09/2026.
2026-09-17 10:59:24 | Hourly update Machine Slot Yield Alarm thành công | 20260818-20260917
2026-09-17 10:59:24 | INFO | Bắt đầu Mail Send Job | Unified Alarm | Các ngày Alarm: 17/09/2026, 16/09/2026, 15/09/2026, 14/09/2026
2026-09-17 10:59:24 | INFO | Receiver | Bùi Văn Luân(260300079), Hà Quang Đức(210400002), Kiều Quốc Công(220400163), Lê Đình Đại(210100034), Lê Đức Ba(220600240), Nguyễn Chí Phương(190900191), Đào Đức Linh(190500095)
2026-09-17 10:59:24 | INFO | CC | Dương Tuấn Phong(211000004), Hoàng Tiến Thành(230500002), KIM YOUNGSU(myskim), Kwon Sang Woo(kwonsw), LEE JAEHYUN(2111001), Lê Minh Phúc(260400113), NguyenThiNgocAnh(ngocanh), Nguyễn Trung Hiếu(260700066), Nguyễn Việt Quân(230600065), 김동언(gytjr605), 최혁렬(gju04319)
2026-09-17 10:59:24 | INFO | Kiểm tra Unified Alarm | Tổng: 0 | SLOT_FAIL: 0 | MACHINE_SLOT_YIELD: 0
2026-09-17 10:59:24 | SKIP | Không có Slot Fail Alarm hoặc Machine Slot Yield Alarm | Các ngày: 17/09/2026, 16/09/2026, 15/09/2026, 14/09/2026
2026-09-17 10:59:25 | SKIP | Không có Slot Fail Alarm hoặc Machine Slot Yield Alarm trong các ngày 17/09/2026, 16/09/2026, 15/09/2026, 14/09/2026.
2026-09-17 10:59:51 | Hourly update Machine Slot Yield Alarm thành công | 20260818-20260917
2026-09-17 10:59:51 | INFO | Bắt đầu Mail Send Job | Unified Alarm | Các ngày Alarm: 17/09/2026, 16/09/2026, 15/09/2026, 14/09/2026
2026-09-17 10:59:51 | INFO | Receiver | Bùi Văn Luân(260300079), Hà Quang Đức(210400002), Kiều Quốc Công(220400163), Lê Đình Đại(210100034), Lê Đức Ba(220600240), Nguyễn Chí Phương(190900191), Đào Đức Linh(190500095)
2026-09-17 10:59:51 | INFO | CC | Dương Tuấn Phong(211000004), Hoàng Tiến Thành(230500002), KIM YOUNGSU(myskim), Kwon Sang Woo(kwonsw), LEE JAEHYUN(2111001), Lê Minh Phúc(260400113), NguyenThiNgocAnh(ngocanh), Nguyễn Trung Hiếu(260700066), Nguyễn Việt Quân(230600065), 김동언(gytjr605), 최혁렬(gju04319)
2026-09-17 10:59:51 | INFO | Kiểm tra Unified Alarm | Tổng: 0 | SLOT_FAIL: 0 | MACHINE_SLOT_YIELD: 0
2026-09-17 10:59:51 | SKIP | Không có Slot Fail Alarm hoặc Machine Slot Yield Alarm | Các ngày: 17/09/2026, 16/09/2026, 15/09/2026, 14/09/2026
2026-09-17 10:59:51 | SKIP | Không có Slot Fail Alarm hoặc Machine Slot Yield Alarm trong các ngày 17/09/2026, 16/09/2026, 15/09/2026, 14/09/2026.
2026-09-17 11:01:41 | Hourly update Machine Slot Yield Alarm thành công | 20260818-20260917
2026-09-17 11:01:41 | INFO | Bắt đầu Mail Send Job | Unified Alarm | Các ngày Alarm: 17/09/2026, 16/09/2026, 15/09/2026, 14/09/2026
2026-09-17 11:01:41 | INFO | Receiver | Bùi Văn Luân(260300079), Hà Quang Đức(210400002), Kiều Quốc Công(220400163), Lê Đình Đại(210100034), Lê Đức Ba(220600240), Nguyễn Chí Phương(190900191), Đào Đức Linh(190500095)
2026-09-17 11:01:41 | INFO | CC | Dương Tuấn Phong(211000004), Hoàng Tiến Thành(230500002), KIM YOUNGSU(myskim), Kwon Sang Woo(kwonsw), LEE JAEHYUN(2111001), Lê Minh Phúc(260400113), NguyenThiNgocAnh(ngocanh), Nguyễn Trung Hiếu(260700066), Nguyễn Việt Quân(230600065), 김동언(gytjr605), 최혁렬(gju04319)
2026-09-17 11:01:41 | INFO | Kiểm tra Unified Alarm | Tổng: 0 | SLOT_FAIL: 0 | MACHINE_SLOT_YIELD: 0
2026-09-17 11:01:41 | SKIP | Không có Slot Fail Alarm hoặc Machine Slot Yield Alarm | Các ngày: 17/09/2026, 16/09/2026, 15/09/2026, 14/09/2026
2026-09-17 11:01:41 | SKIP | Không có Slot Fail Alarm hoặc Machine Slot Yield Alarm trong các ngày 17/09/2026, 16/09/2026, 15/09/2026, 14/09/2026.
2026-09-17 13:40:33 | Hourly update Machine Slot Yield Alarm thành công | 20260818-20260917
2026-09-17 13:40:33 | INFO | Bắt đầu Mail Send Job | Unified Alarm | Các ngày Alarm: 17/09/2026, 16/09/2026, 15/09/2026, 14/09/2026
2026-09-17 13:40:33 | INFO | Receiver | Bùi Văn Luân(260300079), Hà Quang Đức(210400002), Kiều Quốc Công(220400163), Lê Đình Đại(210100034), Lê Đức Ba(220600240), Nguyễn Chí Phương(190900191), Đào Đức Linh(190500095)
2026-09-17 13:40:33 | INFO | CC | Dương Tuấn Phong(211000004), Hoàng Tiến Thành(230500002), KIM YOUNGSU(myskim), Kwon Sang Woo(kwonsw), LEE JAEHYUN(2111001), Lê Minh Phúc(260400113), NguyenThiNgocAnh(ngocanh), Nguyễn Trung Hiếu(260700066), Nguyễn Việt Quân(230600065), 김동언(gytjr605), 최혁렬(gju04319)
2026-09-17 13:40:33 | INFO | Kiểm tra Unified Alarm | Tổng: 0 | SLOT_FAIL: 0 | MACHINE_SLOT_YIELD: 0
2026-09-17 13:40:33 | SKIP | Không có Slot Fail Alarm hoặc Machine Slot Yield Alarm | Các ngày: 17/09/2026, 16/09/2026, 15/09/2026, 14/09/2026
2026-09-17 13:40:33 | SKIP | Không có Slot Fail Alarm hoặc Machine Slot Yield Alarm trong các ngày 17/09/2026, 16/09/2026, 15/09/2026, 14/09/2026.
2026-09-17 13:52:37 | Hourly update Machine Slot Yield Alarm thành công | 20260818-20260917
2026-09-17 13:52:37 | INFO | Bắt đầu Mail Send Job | Unified Alarm | Các ngày Alarm: 17/09/2026, 16/09/2026, 15/09/2026, 14/09/2026
2026-09-17 13:52:37 | INFO | Receiver | Bùi Văn Luân(260300079), Hà Quang Đức(210400002), Kiều Quốc Công(220400163), Lê Đình Đại(210100034), Lê Đức Ba(220600240), Nguyễn Chí Phương(190900191), Đào Đức Linh(190500095)
2026-09-17 13:52:37 | INFO | CC | Dương Tuấn Phong(211000004), Hoàng Tiến Thành(230500002), KIM YOUNGSU(myskim), Kwon Sang Woo(kwonsw), LEE JAEHYUN(2111001), Lê Minh Phúc(260400113), NguyenThiNgocAnh(ngocanh), Nguyễn Trung Hiếu(260700066), Nguyễn Việt Quân(230600065), 김동언(gytjr605), 최혁렬(gju04319)
2026-09-17 13:52:37 | INFO | Kiểm tra Unified Alarm | Tổng: 0 | SLOT_FAIL: 0 | MACHINE_SLOT_YIELD: 0
2026-09-17 13:52:37 | SKIP | Không có Slot Fail Alarm hoặc Machine Slot Yield Alarm | Các ngày: 17/09/2026, 16/09/2026, 15/09/2026, 14/09/2026
2026-09-17 13:52:37 | SKIP | Không có Slot Fail Alarm hoặc Machine Slot Yield Alarm trong các ngày 17/09/2026, 16/09/2026, 15/09/2026, 14/09/2026.
2026-09-29 21:47:15 | Hourly update bỏ qua: chưa có Log Folder hợp lệ.
2026-09-29 21:47:15 | INFO | Bắt đầu Mail Send Job | Unified Alarm | Các ngày Alarm: 29/09/2026, 28/09/2026, 27/09/2026, 26/09/2026
2026-09-29 21:47:16 | INFO | Receiver | Bùi Văn Luân(260300079), Hà Quang Đức(210400002), Kiều Quốc Công(220400163), Lê Đình Đại(210100034), Lê Đức Ba(220600240), Nguyễn Chí Phương(190900191), Đào Đức Linh(190500095)
2026-09-29 21:47:16 | INFO | CC | Dương Tuấn Phong(211000004), Hoàng Tiến Thành(230500002), KIM YOUNGSU(myskim), Kwon Sang Woo(kwonsw), LEE JAEHYUN(2111001), Lê Minh Phúc(260400113), NguyenThiNgocAnh(ngocanh), Nguyễn Trung Hiếu(260700066), Nguyễn Việt Quân(230600065), 김동언(gytjr605), 최혁렬(gju04319)
2026-09-29 21:47:16 | INFO | Kiểm tra Unified Alarm | Tổng: 0 | SLOT_FAIL: 0 | MACHINE_SLOT_YIELD: 0
2026-09-29 21:47:16 | SKIP | Không có Slot Fail Alarm hoặc Machine Slot Yield Alarm | Các ngày: 29/09/2026, 28/09/2026, 27/09/2026, 26/09/2026
2026-09-29 21:47:16 | SKIP | Không có Slot Fail Alarm hoặc Machine Slot Yield Alarm trong các ngày 29/09/2026, 28/09/2026, 27/09/2026, 26/09/2026.
